// Jest Snapshot v1, https://goo.gl/fbAQLP

exports[`SearchPage renders 1`] = `
<div
  className="container"
>
  <div
    className="search"
  >
    <div
      className="formWrapper"
    >
      <form
        action="#"
        onReset={[Function]}
        onSubmit={[Function]}
      >
        <div
          className="logoContainer"
        >
          <svg
            aria-label="Roulette logo"
            className="logo lg"
            role="img"
            viewBox="0 0 200 200"
          >
            <g
              className="wheel"
              style={
                Object {
                  "--wheel-final-rotation": "720deg",
                }
              }
            >
              <path
                d="M 100 100 L 200 100 A 100 100 0 0 1 193.96926207859084 134.20201433256688 Z"
                fill="#c00"
              />
              <path
                d="M 100 100 L 193.96926207859084 134.20201433256688 A 100 100 0 0 1 176.6044443118978 164.27876096865393 Z"
                fill="#000"
              />
              <path
                d="M 100 100 L 176.6044443118978 164.27876096865393 A 100 100 0 0 1 150 186.60254037844385 Z"
                fill="#c00"
              />
              <path
                d="M 100 100 L 150 186.60254037844385 A 100 100 0 0 1 117.36481776669304 198.4807753012208 Z"
                fill="#000"
              />
              <path
                d="M 100 100 L 117.36481776669304 198.4807753012208 A 100 100 0 0 1 82.63518223330698 198.4807753012208 Z"
                fill="#c00"
              />
              <path
                d="M 100 100 L 82.63518223330698 198.4807753012208 A 100 100 0 0 1 50.00000000000002 186.60254037844388 Z"
                fill="#000"
              />
              <path
                d="M 100 100 L 50.00000000000002 186.60254037844388 A 100 100 0 0 1 23.395555688102206 164.27876096865396 Z"
                fill="#c00"
              />
              <path
                d="M 100 100 L 23.395555688102206 164.27876096865396 A 100 100 0 0 1 6.03073792140917 134.20201433256688 Z"
                fill="#000"
              />
              <path
                d="M 100 100 L 6.03073792140917 134.20201433256688 A 100 100 0 0 1 0 100.00000000000001 Z"
                fill="#c00"
              />
              <path
                d="M 100 100 L 0 100.00000000000001 A 100 100 0 0 1 6.030737921409155 65.79798566743312 Z"
                fill="#000"
              />
              <path
                d="M 100 100 L 6.030737921409155 65.79798566743312 A 100 100 0 0 1 23.395555688102192 35.72123903134607 Z"
                fill="#c00"
              />
              <path
                d="M 100 100 L 23.395555688102192 35.72123903134607 A 100 100 0 0 1 49.99999999999996 13.397459621556152 Z"
                fill="#000"
              />
              <path
                d="M 100 100 L 49.99999999999996 13.397459621556152 A 100 100 0 0 1 82.63518223330688 1.5192246987792117 Z"
                fill="#c00"
              />
              <path
                d="M 100 100 L 82.63518223330696 1.5192246987791975 A 100 100 0 0 1 117.364817766693 1.5192246987791833 Z"
                fill="#000"
              />
              <path
                d="M 100 100 L 117.364817766693 1.5192246987791833 A 100 100 0 0 1 149.99999999999994 13.397459621556095 Z"
                fill="#c00"
              />
              <path
                d="M 100 100 L 150 13.397459621556138 A 100 100 0 0 1 176.6044443118978 35.721239031346045 Z"
                fill="#000"
              />
              <path
                d="M 100 100 L 176.6044443118978 35.721239031346045 A 100 100 0 0 1 193.96926207859082 65.79798566743305 Z"
                fill="#c00"
              />
              <path
                d="M 100 100 L 193.96926207859082 65.79798566743305 A 100 100 0 0 1 200 99.99999999999989 Z"
                fill="#000"
              />
              <circle
                cx="100"
                cy="100"
                fill="none"
                r="95"
                stroke="#fff"
                strokeWidth="2"
              />
            </g>
            <g
              className="ball"
              style={
                Object {
                  "--ball-final-rotation": "-720deg",
                }
              }
            >
              <circle
                cx="100"
                cy="100"
                fill="#fff"
                r="6"
              />
            </g>
          </svg>
        </div>
        <div
          className="inputContainer"
        >
          <div
            className="left"
          >
            <div
              className="unit"
            >
              ?
            </div>
          </div>
          <input
            className="input"
            disabled={false}
            name="POSTCODE"
            onBlur={[Function]}
            onChange={[Function]}
            placeholder="Postcode..."
            type="text"
            value=""
          />
          <div
            className="right"
          />
        </div>
        <div
          className="inputContainer"
        >
          <div
            className="left"
          >
            <div
              className="unit"
            >
              Â£
            </div>
          </div>
          <input
            className="input"
            disabled={false}
            name="PRICE_LIMIT"
            onBlur={[Function]}
            onChange={[Function]}
            placeholder="12.00"
            type="numeric"
            value="12.00"
          />
          <div
            className="right"
          >
            <button
              className="button"
              disabled={false}
              type="submit"
            >
              Gamble!
            </button>
          </div>
        </div>
        <div
          className="accordion"
        >
          <button
            className="header"
            onClick={[Function]}
            type="button"
          >
            <div
              className="title"
            >
              <div
                className="accordionOptionsHeader"
              >
                <div
                  className="badgeRow"
                >
                  <div
                    className="badge md"
                  >
                    <div
                      className="iconContainer"
                    >
                      <span
                        className="material-icons"
                        style={
                          Object {
                            "fontSize": "24px",
                          }
                        }
                      >
                        person
                      </span>
                    </div>
                    <div
                      className="text"
                    >
                      0
                    </div>
                  </div>
                  <div
                    className="badge md"
                  >
                    <div
                      className="iconContainer"
                    >
                      <span
                        className="material-icons"
                        style={
                          Object {
                            "fontSize": "24px",
                          }
                        }
                      >
                        restaurant_menu
                      </span>
                    </div>
                    <div
                      className="text"
                    >
                      Anything
                    </div>
                  </div>
                  <div
                    className="badge md"
                  >
                    <div
                      className="iconContainer"
                    >
                      <span
                        className="material-icons"
                        style={
                          Object {
                            "fontSize": "24px",
                          }
                        }
                      >
                        schedule
                      </span>
                    </div>
                    <div
                      className="text"
                    >
                      30
                      m
                    </div>
                  </div>
                </div>
              </div>
            </div>
          </button>
          <div
            className="content"
          >
            <div
              className="additionalOption"
            >
              <div
                className="wrapper"
              >
                <div
                  className="inputContainer"
                >
                  <button
                    className="left"
                    onClick={[Function]}
                    type="button"
                  >
                    -
                  </button>
                  <input
                    className="input"
                    disabled={false}
                    max="5"
                    min="1"
                    name="NUM_PEOPLE"
                    onBlur={[Function]}
                    onChange={[Function]}
                    value={0}
                  />
                  <button
                    className="right"
                    onClick={[Function]}
                    type="button"
                  >
                    +
                  </button>
                </div>
                <label
                  className="label"
                  htmlFor="NUM_PEOPLE"
                >
                  How many eating?
                </label>
              </div>
            </div>
            <div
              className="additionalOption"
            >
              <div
                className="css-b62m3t-container"
                onKeyDown={[Function]}
              >
                <span
                  className="css-1f43avz-a11yText-A11yText"
                  id="react-select-2-live-region"
                />
                <span
                  aria-atomic="false"
                  aria-live="polite"
                  aria-relevant="additions text"
                  className="css-1f43avz-a11yText-A11yText"
                  role="log"
                />
                <div
                  className="css-13cymwt-control"
                  onMouseDown={[Function]}
                  onTouchEnd={[Function]}
                >
                  <div
                    className="css-hlgwow"
                  >
                    <div
                      className="css-1dimb5e-singleValue"
                    >
                      Anything
                    </div>
                    <div
                      className="css-19bb58m"
                      data-value=""
                    >
                      <input
                        aria-activedescendant=""
                        aria-autocomplete="list"
                        aria-expanded={false}
                        aria-haspopup={true}
                        autoCapitalize="none"
                        autoComplete="off"
                        autoCorrect="off"
                        className=""
                        disabled={false}
                        id="react-select-2-input"
                        onBlur={[Function]}
                        onChange={[Function]}
                        onFocus={[Function]}
                        role="combobox"
                        spellCheck="false"
                        style={
                          Object {
                            "background": 0,
                            "border": 0,
                            "color": "inherit",
                            "font": "inherit",
                            "gridArea": "1 / 2",
                            "label": "input",
                            "margin": 0,
                            "minWidth": "2px",
                            "opacity": 1,
                            "outline": 0,
                            "padding": 0,
                            "width": "100%",
                          }
                        }
                        tabIndex={0}
                        type="text"
                        value=""
                      />
                    </div>
                  </div>
                  <div
                    className="css-1wy0on6"
                  >
                    <span
                      className="css-1u9des2-indicatorSeparator"
                    />
                    <div
                      aria-hidden="true"
                      className="css-1xc3v61-indicatorContainer"
                      onMouseDown={[Function]}
                      onTouchEnd={[Function]}
                    >
                      <svg
                        aria-hidden="true"
                        className="css-tj5bde-Svg"
                        focusable="false"
                        height={20}
                        viewBox="0 0 20 20"
                        width={20}
                      >
                        <path
                          d="M4.516 7.548c0.436-0.446 1.043-0.481 1.576 0l3.908 3.747 3.908-3.747c0.533-0.481 1.141-0.446 1.574 0 0.436 0.445 0.408 1.197 0 1.615-0.406 0.418-4.695 4.502-4.695 4.502-0.217 0.223-0.502 0.335-0.787 0.335s-0.57-0.112-0.789-0.335c0 0-4.287-4.084-4.695-4.502s-0.436-1.17 0-1.615z"
                        />
                      </svg>
                    </div>
                  </div>
                </div>
                <input
                  name="CUISINE"
                  type="hidden"
                  value="any"
                />
              </div>
            </div>
            <div
              className="additionalOption"
            >
              <div
                className="css-b62m3t-container"
                onKeyDown={[Function]}
              >
                <span
                  className="css-1f43avz-a11yText-A11yText"
                  id="react-select-3-live-region"
                />
                <span
                  aria-atomic="false"
                  aria-live="polite"
                  aria-relevant="additions text"
                  className="css-1f43avz-a11yText-A11yText"
                  role="log"
                />
                <div
                  className="css-13cymwt-control"
                  onMouseDown={[Function]}
                  onTouchEnd={[Function]}
                >
                  <div
                    className="css-hlgwow"
                  >
                    <div
                      className="css-1dimb5e-singleValue"
                    >
                      30 minutes
                    </div>
                    <div
                      className="css-19bb58m"
                      data-value=""
                    >
                      <input
                        aria-activedescendant=""
                        aria-autocomplete="list"
                        aria-expanded={false}
                        aria-haspopup={true}
                        autoCapitalize="none"
                        autoComplete="off"
                        autoCorrect="off"
                        className=""
                        disabled={false}
                        id="react-select-3-input"
                        onBlur={[Function]}
                        onChange={[Function]}
                        onFocus={[Function]}
                        role="combobox"
                        spellCheck="false"
                        style={
                          Object {
                            "background": 0,
                            "border": 0,
                            "color": "inherit",
                            "font": "inherit",
                            "gridArea": "1 / 2",
                            "label": "input",
                            "margin": 0,
                            "minWidth": "2px",
                            "opacity": 1,
                            "outline": 0,
                            "padding": 0,
                            "width": "100%",
                          }
                        }
                        tabIndex={0}
                        type="text"
                        value=""
                      />
                    </div>
                  </div>
                  <div
                    className="css-1wy0on6"
                  >
                    <span
                      className="css-1u9des2-indicatorSeparator"
                    />
                    <div
                      aria-hidden="true"
                      className="css-1xc3v61-indicatorContainer"
                      onMouseDown={[Function]}
                      onTouchEnd={[Function]}
                    >
                      <svg
                        aria-hidden="true"
                        className="css-tj5bde-Svg"
                        focusable="false"
                        height={20}
                        viewBox="0 0 20 20"
                        width={20}
                      >
                        <path
                          d="M4.516 7.548c0.436-0.446 1.043-0.481 1.576 0l3.908 3.747 3.908-3.747c0.533-0.481 1.141-0.446 1.574 0 0.436 0.445 0.408 1.197 0 1.615-0.406 0.418-4.695 4.502-4.695 4.502-0.217 0.223-0.502 0.335-0.787 0.335s-0.57-0.112-0.789-0.335c0 0-4.287-4.084-4.695-4.502s-0.436-1.17 0-1.615z"
                        />
                      </svg>
                    </div>
                  </div>
                </div>
                <input
                  name="MAX_DELIVERY_MINUTES"
                  type="hidden"
                  value={30}
                />
              </div>
            </div>
          </div>
        </div>
      </form>
    </div>
  </div>
  <div
    className="about"
  >
    <strong>
      What's this?
    </strong>
     - Generate a random takeaway in your area from Deliveroo or Just Eat - Just enter your postcode and how much you'd like to spend.
  </div>
  <div
    className="footer"
  >
    <div
      className="footer"
    >
      <div
        className="footerItem"
      >
        Developed by
         
        <a
          href="https://thejamespaterson.com"
        >
          James Paterson
        </a>
      </div>
      <div
        className="footerItem"
      >
        â
      </div>
      <div
        className="footerItem"
      >
        Not affiliated with Deliveroo or Just Eat
      </div>
    </div>
  </div>
</div>
`;
